// Jest Snapshot v1, https://goo.gl/fbAQLP

exports[`<Threshold/> default 1`] = `
<div
  className="MuiPaper-root MuiExpansionPanel-root WithStyles(ForwardRef(ExpansionPanel))-root-1 collapsible--panel Mui-expanded MuiExpansionPanel-rounded MuiPaper-elevation1 MuiPaper-rounded"
>
  <div
    aria-disabled={false}
    aria-expanded={true}
    className="MuiButtonBase-root MuiExpansionPanelSummary-root Mui-expanded WithStyles(ForwardRef(ExpansionPanelSummary))-expanded-3"
    onBlur={[Function]}
    onClick={[Function]}
    onDragLeave={[Function]}
    onFocus={[Function]}
    onKeyDown={[Function]}
    onKeyUp={[Function]}
    onMouseDown={[Function]}
    onMouseLeave={[Function]}
    onMouseUp={[Function]}
    onTouchEnd={[Function]}
    onTouchMove={[Function]}
    onTouchStart={[Function]}
    role="button"
    tabIndex={0}
  >
    <div
      className="MuiExpansionPanelSummary-content WithStyles(ForwardRef(ExpansionPanelSummary))-content-2 Mui-expanded WithStyles(ForwardRef(ExpansionPanelSummary))-expanded-3"
    >
      <h4>
        Option1
      </h4>
    </div>
    <div
      aria-disabled={false}
      aria-hidden={true}
      className="MuiButtonBase-root MuiIconButton-root MuiExpansionPanelSummary-expandIcon Mui-expanded WithStyles(ForwardRef(ExpansionPanelSummary))-expanded-3 MuiIconButton-edgeEnd"
      onBlur={[Function]}
      onDragLeave={[Function]}
      onFocus={[Function]}
      onKeyDown={[Function]}
      onKeyUp={[Function]}
      onMouseDown={[Function]}
      onMouseLeave={[Function]}
      onMouseUp={[Function]}
      onTouchEnd={[Function]}
      onTouchMove={[Function]}
      onTouchStart={[Function]}
      role={null}
      tabIndex={null}
    >
      <span
        className="MuiIconButton-label"
      >
        <svg
          aria-hidden={true}
          className="MuiSvgIcon-root"
          focusable="false"
          viewBox="0 0 24 24"
        >
          <path
            d="M16.59 8.59L12 13.17 7.41 8.59 6 10l6 6 6-6z"
          />
        </svg>
      </span>
    </div>
  </div>
  <div
    className="MuiCollapse-container MuiCollapse-entered"
    style={
      Object {
        "minHeight": "0px",
      }
    }
  >
    <div
      className="MuiCollapse-wrapper"
    >
      <div
        className="MuiCollapse-wrapperInner"
      >
        <div
          role="region"
        >
          <div
            className="MuiExpansionPanelDetails-root WithStyles(ForwardRef(ExpansionPanelDetails))-root-4"
          >
            <div
              className="collapsible--panel__content"
            >
              <div
                className="control-panel"
                style={
                  Object {
                    "width": "100%",
                  }
                }
              >
                <div
                  className="row"
                >
                  <div
                    className="label desc"
                    style={
                      Object {
                        "width": "100%",
                      }
                    }
                  >
                    Set Option1
                  </div>
                </div>
              </div>
            </div>
          </div>
        </div>
      </div>
    </div>
  </div>
</div>
`;
